GitReins guard run log — full output (the console summary is bounded)
run_utc: 2026-09-19T12:56:51Z
workdir: /home/kara/task-router
test_mode: full
test_targets: all (full mode)
overall: FAIL
guards: 2 (1 failed, 0 skipped)
diagnostics:
  first_failing_test: tests/test_context.py::test_context_limit_values_come_from_modelsdev_or_manual_note  (from tests (full))
  secrets_scanners: clean (gitleaks + builtin cross-check)

==============================================================================
[FAIL] tests (full)  passed=false  exit_code=1
==============================================================================
--- output (untruncated) ---
........................................................................ [ 16%]
..............................................F
=================================== FAILURES ===================================
_________ test_context_limit_values_come_from_modelsdev_or_manual_note _________

tmp_path = PosixPath('/tmp/pytest-of-kara/pytest-8048/test_context_limit_values_come0')

    def test_context_limit_values_come_from_modelsdev_or_manual_note(tmp_path):
        """Rows with non-NULL context_limit have a corresponding model_catalog row
        (models.dev source) or are catalog-only adds from router_modelsdev."""
        env = _hermetic_env(tmp_path)
>       _run(os.path.join(SCRIPTS, "router_seed.py"), env_extra=env).check_returncode()

tests/test_context.py:76: 
_ _ _ _ _ _ _ _ _ _ _ _ _ _ _ _ _ _ _ _ _ _ _ _ _ _ _ _ _ _ _ _ _ _ _ _ _ _ _ _ 

self = CompletedProcess(args=['/home/kara/.hermes/venvs/board/bin/python3', '/home/kara/task-router/scripts/router_seed.py'],...OUP BY mp.model, mp.category, mp.perf, mp.source, mp.source_ref\n                                                 ^\n')

    def check_returncode(self):
        """Raise CalledProcessError if the exit code is non-zero."""
        if self.returncode:
>           raise CalledProcessError(self.returncode, self.args, self.stdout,
                                     self.stderr)
E           subprocess.CalledProcessError: Command '['/home/kara/.hermes/venvs/board/bin/python3', '/home/kara/task-router/scripts/router_seed.py']' returned non-zero exit status 1.

/usr/lib/python3.14/subprocess.py:509: CalledProcessError
=========================== short test summary info ============================
FAILED tests/test_context.py::test_context_limit_values_come_from_modelsdev_or_manual_note
!!!!!!!!!!!!!!!!!!!!!!!!!! stopping after 1 failures !!!!!!!!!!!!!!!!!!!!!!!!!!!
1 failed, 118 passed in 74.87s (0:01:14)
ERROR: pytest failed (exit 1) — see output above.

==============================================================================
[PASS] secrets  passed=true  exit_code=n/a
==============================================================================
--- output (untruncated) ---
gitleaks: clean
