GitReins guard run log — full output (the console summary is bounded)
run_utc: 2026-09-19T17:34:51Z
workdir: /home/kara/task-router
test_mode: full
test_targets: all (full mode)
overall: PASS
guards: 2 (0 failed, 0 skipped)
diagnostics:
  first_failing_test: none detected
  secrets_scanners: clean (gitleaks + builtin cross-check)

==============================================================================
[PASS] secrets  passed=true  exit_code=n/a
==============================================================================
--- output (untruncated) ---
gitleaks: clean

==============================================================================
[PASS] tests (full)  passed=true  exit_code=0
==============================================================================
--- output (untruncated) ---
........................................................................ [ 14%]
........................................................................ [ 28%]
........................................................................ [ 43%]
........................................................................ [ 57%]
........................................................................ [ 72%]
........................................................................ [ 86%]
.................................................................        [100%]
497 passed in 359.97s (0:05:59)
