GitReins guard run log — full output (the console summary is bounded)
run_utc: 2026-09-19T14:33:14Z
workdir: /home/kara/task-router
test_mode: full
test_targets: all (full mode)
overall: PASS
guards: 2 (0 failed, 0 skipped)
diagnostics:
  first_failing_test: none detected
  secrets_scanners: clean (gitleaks + builtin cross-check)

==============================================================================
[PASS] secrets  passed=true  exit_code=n/a
==============================================================================
--- output (untruncated) ---
gitleaks: clean

==============================================================================
[PASS] tests (full)  passed=true  exit_code=0
==============================================================================
--- output (untruncated) ---
........................................................................ [ 15%]
........................................................................ [ 30%]
........................................................................ [ 45%]
........................................................................ [ 60%]
........................................................................ [ 75%]
........................................................................ [ 90%]
..............................................                           [100%]
478 passed in 444.14s (0:07:24)
