GitReins guard run log — full output (the console summary is bounded)
run_utc: 2026-09-16T11:10:45Z
workdir: /home/kara/task-router
test_mode: unknown
test_targets: unknown
overall: PASS
guards: 2 (0 failed)
warnings:
  - Guard timed out after 300s (hook_timeout). Remaining checks skipped — commit allowed to proceed (fail-open).

==============================================================================
[PASS] secrets  passed=true  exit_code=n/a
==============================================================================
--- output (untruncated) ---
gitleaks: clean

==============================================================================
[PASS] tests (full)  passed=true  exit_code=0
==============================================================================
--- output (untruncated) ---
........................................................................ [ 23%]
........................................................................ [ 47%]
........................................................................ [ 71%]
........................................................................ [ 95%]
..............                                                           [100%]
302 passed in 302.56s (0:05:02)
