GitReins guard run log — full output (the console summary is bounded)
run_utc: 2026-09-20T07:11:06Z
workdir: /home/kara/task-router
test_mode: full
test_targets: all (full mode)
overall: PASS
guards: 2 (0 failed, 0 skipped)
diagnostics:
  first_failing_test: none detected
  secrets_scanners: clean (gitleaks + builtin cross-check)

==============================================================================
[PASS] secrets  passed=true  exit_code=n/a
==============================================================================
--- output (untruncated) ---
gitleaks: clean

==============================================================================
[PASS] tests (full)  passed=true  exit_code=0
==============================================================================
--- output (untruncated) ---
........................................................................ [ 10%]
........................................................................ [ 21%]
........................................................................ [ 32%]
........................................................................ [ 43%]
........................................................................ [ 53%]
........................................................................ [ 64%]
........................................................................ [ 75%]
........................................................................ [ 86%]
........................................................................ [ 96%]
.....................                                                    [100%]
669 passed in 238.89s (0:03:58)
